0 verbose cli C:\Program Files\nodejs\node.exe C:\Program Files\nodejs\node_modules\npm\bin\npm-cli.js
1 info using npm@11.12.1
2 info using node@v24.15.0
3 silly config load:file:C:\Program Files\nodejs\node_modules\npm\npmrc
4 silly config load:file:C:\Users\phamm\OneDrive\NAPA\Roommate Finder\backend\.npmrc
5 silly config load:file:C:\Users\phamm\.npmrc
6 silly config load:file:C:\Users\phamm\AppData\Roaming\npm\etc\npmrc
7 verbose title npm install
8 verbose argv "install" "--cache" ".npm-cache" "--loglevel" "verbose"
9 verbose logfile logs-max:10 dir:C:\Users\phamm\OneDrive\NAPA\Roommate Finder\backend\.npm-cache\_logs\2026-08-26T07_02_08_808Z-
10 verbose logfile C:\Users\phamm\OneDrive\NAPA\Roommate Finder\backend\.npm-cache\_logs\2026-08-26T07_02_08_808Z-debug-0.log
11 silly logfile done cleaning log files
12 silly packumentCache heap:2348810240 maxSize:587202560 maxEntrySize:293601280
13 silly idealTree buildDeps
14 silly fetch manifest cors@^2.8.5
15 silly packumentCache full:https://registry.npmjs.org/cors cache-miss
16 http fetch GET https://registry.npmjs.org/npm attempt 1 failed with EACCES
17 http fetch GET https://registry.npmjs.org/cors attempt 1 failed with EACCES
18 http fetch GET https://registry.npmjs.org/npm attempt 2 failed with EACCES
19 http fetch GET https://registry.npmjs.org/cors attempt 2 failed with EACCES
20 http fetch GET https://registry.npmjs.org/npm attempt 3 failed with EACCES
21 http fetch GET https://registry.npmjs.org/cors attempt 3 failed with EACCES
22 silly fetch manifest dotenv@^16.4.5
23 silly packumentCache full:https://registry.npmjs.org/dotenv cache-miss
24 http fetch GET https://registry.npmjs.org/dotenv attempt 1 failed with EACCES
25 http fetch GET https://registry.npmjs.org/dotenv attempt 2 failed with EACCES
26 http fetch GET https://registry.npmjs.org/dotenv attempt 3 failed with EACCES
27 silly fetch manifest express@^4.19.2
28 silly packumentCache full:https://registry.npmjs.org/express cache-miss
29 http fetch GET https://registry.npmjs.org/express attempt 1 failed with EACCES
30 http fetch GET https://registry.npmjs.org/express attempt 2 failed with EACCES
31 http fetch GET https://registry.npmjs.org/express attempt 3 failed with EACCES
32 silly fetch manifest mongoose@^8.3.1
33 silly packumentCache full:https://registry.npmjs.org/mongoose cache-miss
34 http fetch GET https://registry.npmjs.org/mongoose attempt 1 failed with EACCES
35 http fetch GET https://registry.npmjs.org/mongoose attempt 2 failed with EACCES
